#  Understanding the Boot Process

### The Boot Process

Quá trình khởi động linux có thể chia ra thành các bước chính sau: 

- Khởi động, thực hiện kiểm tra nhanh phần cứng, sau đó sẽ tìm kiểm boot loader để chạy từ thiết bị có thể khởi động

- Boot loader chạy và các định chương trình nhân Linux nào sẽ tải. 

- Kernel được tải vào bộ nhớ, sau đó hệ thống sẽ được chuẩn bị, chẳng hạn mount partition, sau đó chạy các chương trình để khởi tạo

- Quá trình khởi tạo start các chương trình nền cần thiết để hệ thống hoạt động 


### Extracting Information about the Boot Process

Sử dụng lệnh `dmesg` để xem lại thông điệp về quá trình khởi động linux. 

```
[root@python ~]# dmesg
[    0.000000] Initializing cgroup subsys cpuset
[    0.000000] Initializing cgroup subsys cpu
[    0.000000] Initializing cgroup subsys cpuacct
[    0.000000] Linux version 3.10.0-1127.10.1.el7.x86_64 (mockbuild@kbuilder.bsys.centos.org) (gcc version 4.8.5 20150623 (Red Hat 4.8.5-39) (GCC) ) #1 SMP Wed Jun 3 14:28:03 UTC 2020
[    0.000000] Command line: BOOT_IMAGE=/vmlinuz-3.10.0-1127.10.1.el7.x86_64 root=/dev/mapper/centos-root ro crashkernel=auto rd.lvm.lv=centos/root rd.lvm.lv=centos/swap rhgb quiet LANG=en_US.UTF-8
[    0.000000] e820: BIOS-provided physical RAM map:
[    0.000000] BIOS-e820: [mem 0x0000000000000000-0x000000000009fbff] usable
[    0.000000] BIOS-e820: [mem 0x000000000009fc00-0x000000000009ffff] reserved
[    0.000000] BIOS-e820: [mem 0x00000000000f0000-0x00000000000fffff] reserved
[    0.000000] BIOS-e820: [mem 0x0000000000100000-0x000000007fff7fff] usable
[    0.000000] BIOS-e820: [mem 0x000000007fff8000-0x000000007fffffff] reserved
[    0.000000] BIOS-e820: [mem 0x00000000feffc000-0x00000000feffffff] reserved
[    0.000000] BIOS-e820: [mem 0x00000000fffc0000-0x00000000ffffffff] reserved
```

`journalctl` hiển thị các bản ghi systemd log. 


